// Jest Snapshot v1, https://goo.gl/fbAQLP

exports[`<Articles /> snapshot test 1`] = `
<div>
  <section
    class="articles-page"
  >
    <div
      class="tabs"
      data-testid="tabs"
    >
      <a
        class="tab"
        href="/articles/"
        id="All Articles (0)"
      >
        All Articles (0)
      </a>
      <a
        class="tab"
        href="/articles/published/"
        id="Published Articles  (0)"
      >
        Published Articles  (0)
      </a>
    </div>
    <div
      class="tiles-container"
    >
      <div
        class="article-tile"
        data-testid="data-tile"
      >
        <div
          class="tile-title"
        >
          1 one
        </div>
        <div
          class="tile-content"
        >
          <a
            class="des-and-body"
            href="/1-one"
          >
            <div
              class="description"
            >
              desc
              .
            </div>
            <div
              class="body"
            >
              body
            </div>
          </a>
        </div>
        <div
          class="tile-footer"
        >
          <div
            class="publisher"
          >
            <span>
              By: 
            </span>
            <span
              class="author"
            />
          </div>
          <button
            aria-expanded="false"
            aria-haspopup="true"
            aria-label="open and close list of options"
            class="bx--overflow-menu"
            data-floating-menu-container="true"
            type="button"
          >
            <svg
              aria-label="open and close list of options"
              class="bx--overflow-menu__icon"
              fill="currentColor"
              focusable="false"
              height="16"
              preserveAspectRatio="xMidYMid meet"
              role="img"
              viewBox="0 0 32 32"
              width="16"
              xmlns="http://www.w3.org/2000/svg"
            >
              <circle
                cx="16"
                cy="8"
                r="2"
              />
              <circle
                cx="16"
                cy="16"
                r="2"
              />
              <circle
                cx="16"
                cy="24"
                r="2"
              />
              <title>
                open and close list of options
              </title>
            </svg>
          </button>
          <div
            class="bx--modal dialog-modal"
            role="presentation"
          >
            <span
              class="bx--visually-hidden"
              role="link"
              tabindex="0"
            >
              Focus sentinel
            </span>
            <div
              aria-label="Delete 1 one"
              aria-modal="true"
              class="bx--modal-container"
              role="dialog"
              tabindex="-1"
            >
              <div
                class="bx--modal-header"
              >
                <button
                  aria-label="Close"
                  class="bx--modal-close"
                  title="Close"
                  type="button"
                >
                  <svg
                    aria-label="Close"
                    class="bx--modal-close__icon"
                    fill="currentColor"
                    focusable="false"
                    height="20"
                    preserveAspectRatio="xMidYMid meet"
                    role="img"
                    viewBox="0 0 32 32"
                    width="20"
                    xmlns="http://www.w3.org/2000/svg"
                  >
                    <path
                      d="M24 9.4L22.6 8 16 14.6 9.4 8 8 9.4 14.6 16 8 22.6 9.4 24 16 17.4 22.6 24 24 22.6 17.4 16 24 9.4z"
                    />
                  </svg>
                </button>
                
                <h3
                  class="bx--modal-header__heading"
                  id="bx--modal-header__heading--modal-1"
                >
                  Delete 1 one
                </h3>
              </div>
              <div
                aria-labelledby="bx--modal-header__heading--modal-1"
                class="bx--modal-content"
                id="bx--modal-body--modal-1"
              >
                Are you sure you want to delete this Article?
                <div
                  class="bx--modal-footer bx--btn-set"
                >
                  <button
                    class="bx--btn bx--btn--secondary bx--btn bx--btn--primary"
                    tabindex="0"
                    type="button"
                  >
                    No
                  </button>
                  <button
                    class="bx--btn bx--btn--primary bx--btn bx--btn--primary"
                    tabindex="0"
                    type="button"
                  >
                    Yes
                  </button>
                </div>
              </div>
            </div>
            <span
              class="bx--visually-hidden"
              role="link"
              tabindex="0"
            >
              Focus sentinel
            </span>
          </div>
        </div>
      </div>
      <div
        class="article-tile"
        data-testid="data-tile"
      >
        <div
          class="tile-title"
        >
          2 two
        </div>
        <div
          class="tile-content"
        >
          <a
            class="des-and-body"
            href="/2-two"
          >
            <div
              class="description"
            >
              desc
              .
            </div>
            <div
              class="body"
            >
              body
            </div>
          </a>
        </div>
        <div
          class="tile-footer"
        >
          <div
            class="publisher"
          >
            <span>
              By: 
            </span>
            <span
              class="author"
            />
          </div>
          <button
            aria-expanded="false"
            aria-haspopup="true"
            aria-label="open and close list of options"
            class="bx--overflow-menu"
            data-floating-menu-container="true"
            type="button"
          >
            <svg
              aria-label="open and close list of options"
              class="bx--overflow-menu__icon"
              fill="currentColor"
              focusable="false"
              height="16"
              preserveAspectRatio="xMidYMid meet"
              role="img"
              viewBox="0 0 32 32"
              width="16"
              xmlns="http://www.w3.org/2000/svg"
            >
              <circle
                cx="16"
                cy="8"
                r="2"
              />
              <circle
                cx="16"
                cy="16"
                r="2"
              />
              <circle
                cx="16"
                cy="24"
                r="2"
              />
              <title>
                open and close list of options
              </title>
            </svg>
          </button>
          <div
            class="bx--modal dialog-modal"
            role="presentation"
          >
            <span
              class="bx--visually-hidden"
              role="link"
              tabindex="0"
            >
              Focus sentinel
            </span>
            <div
              aria-label="Delete 2 two"
              aria-modal="true"
              class="bx--modal-container"
              role="dialog"
              tabindex="-1"
            >
              <div
                class="bx--modal-header"
              >
                <button
                  aria-label="Close"
                  class="bx--modal-close"
                  title="Close"
                  type="button"
                >
                  <svg
                    aria-label="Close"
                    class="bx--modal-close__icon"
                    fill="currentColor"
                    focusable="false"
                    height="20"
                    preserveAspectRatio="xMidYMid meet"
                    role="img"
                    viewBox="0 0 32 32"
                    width="20"
                    xmlns="http://www.w3.org/2000/svg"
                  >
                    <path
                      d="M24 9.4L22.6 8 16 14.6 9.4 8 8 9.4 14.6 16 8 22.6 9.4 24 16 17.4 22.6 24 24 22.6 17.4 16 24 9.4z"
                    />
                  </svg>
                </button>
                
                <h3
                  class="bx--modal-header__heading"
                  id="bx--modal-header__heading--modal-2"
                >
                  Delete 2 two
                </h3>
              </div>
              <div
                aria-labelledby="bx--modal-header__heading--modal-2"
                class="bx--modal-content"
                id="bx--modal-body--modal-2"
              >
                Are you sure you want to delete this Article?
                <div
                  class="bx--modal-footer bx--btn-set"
                >
                  <button
                    class="bx--btn bx--btn--secondary bx--btn bx--btn--primary"
                    tabindex="0"
                    type="button"
                  >
                    No
                  </button>
                  <button
                    class="bx--btn bx--btn--primary bx--btn bx--btn--primary"
                    tabindex="0"
                    type="button"
                  >
                    Yes
                  </button>
                </div>
              </div>
            </div>
            <span
              class="bx--visually-hidden"
              role="link"
              tabindex="0"
            >
              Focus sentinel
            </span>
          </div>
        </div>
      </div>
    </div>
    <a
      class="add-article-button"
      href="/articles/new/"
    >
      <svg
        id="Capa_1"
        version="1.1"
        viewBox="0 0 477.867 477.867"
        x="0px"
        xmlns="http://www.w3.org/2000/svg"
        y="0px"
      >
        <g>
          <g>
            <path
              d="M392.533,0h-307.2C38.228,0.056,0.056,38.228,0,85.333v307.2c0.056,47.105,38.228,85.277,85.333,85.333h307.2 c47.105-0.056,85.277-38.228,85.333-85.333v-307.2C477.81,38.228,439.638,0.056,392.533,0z M443.733,392.533 c0,28.277-22.923,51.2-51.2,51.2h-307.2c-28.277,0-51.2-22.923-51.2-51.2v-307.2c0-28.277,22.923-51.2,51.2-51.2h307.2 c28.277,0,51.2,22.923,51.2,51.2V392.533z"
            />
          </g>
        </g>
        <g>
          <g>
            <path
              d="M324.267,221.867H256V153.6c0-9.426-7.641-17.067-17.067-17.067s-17.067,7.641-17.067,17.067v68.267H153.6 c-9.426,0-17.067,7.641-17.067,17.067S144.174,256,153.6,256h68.267v68.267c0,9.426,7.641,17.067,17.067,17.067 S256,333.692,256,324.267V256h68.267c9.426,0,17.067-7.641,17.067-17.067S333.692,221.867,324.267,221.867z"
            />
          </g>
        </g>
      </svg>
    </a>
  </section>
</div>
`;
